>>> add_integer = __import__('0-add_integer').add_integer
>>> add_integer(1, 9)
10
>>> add_integer(-10, 5)
-5
>>> add_integer(0, 0)
0
>>> add_integer("sam", 5)
Traceback (most recent call last):
 ...
TypeError: a must be an integer
>>> add_integer(5, "sam")
Traceback (most recent call last):
 ...
TypeError: b must be an integer
>>> add_integer()
Traceback (most recent call last):
 ...
TypeError: add_integer() missing 1 required positional argument: 'a'
>>> add_integer(1, float('inf'))
Traceback (most recent call last):
 ...
OverflowError: cannot convert float infinity to integer
>>> add_integer(1, -float('inf'))
Traceback (most recent call last):
 ...
OverflowError: cannot convert float infinity to integer
>>> add_integer(5.5, 3.3)
8
>>> add_integer("5", "5")
Traceback (most recent call last):
 ...
TypeError: a must be an integer
>>> add_integer(float('nan'), 1)
Traceback (most recent call last):
 ...
ValueError: cannot convert float NaN to integer
>>> add_integer(1, )
Traceback (most recent call last):
 ...
TypeError: add_integer() missing 1 required positional argument: 'b'
>>> add_integer(, 1)
Traceback (most recent call last):
 ...
TypeError: add_integer() missing 1 required positional argument: 'a'
