>>> add_integer = __import__('0-add_integer').add_integer
>>> add_integer(1, 9)
10
>>> add_integer(-10, 5)
-5
>>> add_integer(0, 0)
0
>>> add_integer("sam", 5)
Traceback (most recent call last):
 ...
TypeError: a must be an integer
>>> add_integer(5, "sam")
Traceback (most recent call last):
 ...
TypeError: b must be an integer
>>> add_integer()
Traceback (most recent call last):
 ...
TypeError: add_integer() missing 1 required positional argument: 'a'
>>> add_integer(,)
Traceback (most recent call last):
 ...
SyntaxError: invalid syntax
