>>> matrix_divided = __import__('2-matrix_divided').matrix_divided

>>> matrix = [[1, 2, 3], [4, 5, 6], [7, 8, 9]]

:: CHECK REAL USE
>>> matrix_divided(matrix, 1)
[[1.0, 2.0, 3.0], [4.0, 5.0, 6.0], [7.0, 8.0, 9.0]]

>>> matrix_divided(matrix, -1)
[[-1.0, -2.0, -3.0], [-4.0, -5.0, -6.0], [-7.0, -8.0, -9.0]]

>>> matrix_divided(matrix, 1.0)
[[1.0, 2.0, 3.0], [4.0, 5.0, 6.0], [7.0, 8.0, 9.0]]

 matrix = [[1, 2.5], [3.5, 4]]
>>> matrix_divided(matrix, 1)
[[1.0, 2.0, 3.0], [4.0, 5.0, 6.0], [7.0, 8.0, 9.0]]

:: CHECKS FOR DIV VARIABLE
:: CHECK DIV IS NOT 0
>>> matrix_divided(matrix, 0)
Traceback (most recent call last):
 ...
ZeroDivisionError: division by zero

:: CHECK DIV IS NOT STRING
>>> matrix_divided(matrix, "string")
Traceback (most recent call last):
 ...
TypeError: div must be a number


:: CHECKS FOR ISSUES WITH MATRIX
:: CHECK BROKEN MATRIX (EMPTY)
>>> matrix = []
>>> matrix_divided(matrix, 1)
[]

:: CHECK BROKEN MATRIX (EMPTY LISTS)
>>> matrix = [[], [], []]
>>> matrix_divided(matrix, 1)
[[], [], []]

:: CHECK MATRIX CONTAINING DIFFERENT LENGTH LISTS
>>> matrix = [[1, 2, 3], [4, 5], [7]]
>>> matrix_divided(matrix, 1)
Traceback (most recent call last):
 ...
TypeError: Each row of the matrix must have the same size

:: CHECK BROKEN MATRIX (HAS STRING)
>>> matrix = [[1, "string", 3], [4, 5, 6], [7, 8, 9]]
>>> matrix_divided(matrix, 1)
Traceback (most recent call last):
 ...
TypeError: matrix must be a matrix (list of lists) of integers/floats

:: CHECK BROKEN MATRIX (None)
>>> matrix = None
>>> matrix_divided(matrix, 1)
Traceback (most recent call last):
 ...
TypeError: 'NoneType' object is not iterable

:: CHECK MATRIX CONTAINING 'INF' AND -'INF'
>>> matrix = [[1, float('inf'), 3], [4, 5, 6], [7, 8, 9]]
>>> matrix_divided(matrix, 1)
[[1.0, inf, 3.0], [4.0, 5.0, 6.0], [7.0, 8.0, 9.0]]

>>> matrix = [[1, -float('inf'), 3], [4, 5, 6], [7, 8, 9]]
>>> matrix_divided(matrix, 1)
[[1.0, -inf, 3.0], [4.0, 5.0, 6.0], [7.0, 8.0, 9.0]]

:: CHECK MATRIX CONTAINING NO LIST
>>> matrix = [1, 2, 3]
>>> matrix_divided(matrix, 1)
Traceback (most recent call last):
 ...
TypeError: matrix must be a matrix (list of lists) of integers/floats
