>>> say_my_name = __import__('3-say_my_name').say_my_name

>>> say_my_name("Gordo", "Stevens")
My name is Gordo Stevens

>>> say_my_name("Gordo")
My name is Gordo

>>> say_my_name(2, "Stevens")
Traceback (most recent call last):
 ...
TypeError: first_name must be a string or last_name must be a string

>>> say_my_name("Gordo", 2)
Traceback (most recent call last):
 ...
TypeError: first_name must be a string or last_name must be a string

>>> say_my_name()
Traceback (most recent call last):
 ...
TypeError: say_my_name() missing 1 required positional argument: 'first_name'

>>> say_my_name(None)
Traceback (most recent call last):
 ...
TypeError: first_name must be a string or last_name must be a string
