>>> BaseGeometry = __import__('7-base_geometry').BaseGeometry
>>> obj = BaseGeometry()

>>> obj.integer_validator("age", 2)

>>> obj.integer_validator("age", -2)
Traceback (most recent call last):
 ...
ValueError: age must be greater than 0

>>> obj.integer_validator("age", 0)
Traceback (most recent call last):
 ...
ValueError: age must be greater than 0

>>> obj.integer_validator("age", "two")
Traceback (most recent call last):
 ...
TypeError: age must be an integer

>>> obj.integer_validator("age")
Traceback (most recent call last):
 ...
TypeError: integer_validator() missing 1 required positional argument: 'value'

>>> obj.integer_validator()
Traceback (most recent call last):
 ...
TypeError: integer_validator() missing 2 required positional arguments: 'name' and 'value'
